Value: 2
Type: int

throws TypeCheckError

throws TypeCheckError

throws TypeCheckError

throws TypeCheckError

throws TypeCheckError

Value: 2
Type: int

Value: 3
Type: int
