Value: 30
Type: int

Value: 1
Type: int

Value: 2
Type: int
