Value: 1
Type: int

Value: 321
Type: int

throws TypeCheckError

Value: "123"
Type: string

Value: "321"
Type: string

Value: 1
Type: int

Value: 1
Type: int

Value: 1
Type: int
