Value: "12"
Type: string

Value: "12"
Type: string

Value: "12"
Type: string
